// Jest Snapshot v1, https://goo.gl/fbAQLP

exports[`SearchBar should match the snapshot 1`] = `
<div>
  <div class="v-input search theme--light v-text-field v-text-field--placeholder v-select v-autocomplete">
    <div class="v-input__prepend-outer">
      <div class="v-input__icon v-input__icon--prepend"><i aria-hidden="true" class="v-icon notranslate mdi mdi-magnify theme--light"></i></div>
    </div>
    <div class="v-input__control">
      <div role="combobox" aria-haspopup="listbox" aria-expanded="false" aria-owns="list-2" class="v-input__slot">
        <div class="v-select__slot">
          <div class="v-select__selections"><input id="input-2" placeholder="Start typing to search" type="text" autocomplete="off"></div>
          <div class="v-input__append-inner">
            <div></div>
          </div><input type="hidden">
        </div>
        <div class="v-menu">
          <!---->
        </div>
      </div>
      <div class="v-text-field__details">
        <div class="v-messages theme--light">
          <transition-group-stub tag="div" name="message-transition" class="v-messages__wrapper"></transition-group-stub>
        </div>
      </div>
    </div>
  </div>
</div>
`;
