// Jest Snapshot v1, https://goo.gl/fbAQLP

exports[`FormStepFive Should match the snapshot 1`] = `
<div>
  <form novalidate="novalidate" class="v-form">
    <div class="v-subheader sub-header font-weight-bold theme--light">
      Contact Information
    </div>
    <div class="row ml-5">
      <div class="col-lg-6 col-12">
        <div class="v-input v-input--dense theme--light v-text-field v-text-field--enclosed v-text-field--outlined">
          <div class="v-input__prepend-outer"><i aria-hidden="true" class="v-icon notranslate mdi mdi-star theme--light error--text" style="font-size: 12px;"></i></div>
          <div class="v-input__control">
            <div class="v-input__slot">
              <fieldset aria-hidden="true">
                <legend style="width: 0px;"><span class="notranslate">​</span></legend>
              </fieldset>
              <div class="v-text-field__slot"><label for="input-5" class="v-label theme--light" style="left: 0px; position: absolute;">Primary phone number</label><input maxlength="10" id="input-5" type="text"></div>
            </div>
            <div class="v-text-field__details">
              <div class="v-messages theme--light">
                <transition-group-stub tag="div" name="message-transition" class="v-messages__wrapper"></transition-group-stub>
              </div>
              <div class="v-counter theme--light">0 / 10</div>
            </div>
          </div>
        </div>
      </div>
      <div class="col-lg-6 col-12">
        <div class="v-input v-input--dense theme--light v-text-field v-text-field--enclosed v-text-field--outlined">
          <div class="v-input__control">
            <div class="v-input__slot">
              <fieldset aria-hidden="true">
                <legend style="width: 0px;"><span class="notranslate">​</span></legend>
              </fieldset>
              <div class="v-text-field__slot"><label for="input-9" class="v-label theme--light" style="left: 0px; position: absolute;">Cell phone number</label><input maxlength="10" id="input-9" type="text"></div>
            </div>
            <div class="v-text-field__details">
              <div class="v-messages theme--light">
                <transition-group-stub tag="div" name="message-transition" class="v-messages__wrapper"></transition-group-stub>
              </div>
              <div class="v-counter theme--light">0 / 10</div>
            </div>
          </div>
        </div>
      </div>
      <div class="col-lg-6 col-12">
        <div class="v-input pl-6 v-input--dense theme--light v-text-field v-text-field--enclosed v-text-field--outlined">
          <div class="v-input__control">
            <div class="v-input__slot">
              <fieldset aria-hidden="true">
                <legend style="width: 0px;"><span class="notranslate">​</span></legend>
              </fieldset>
              <div class="v-text-field__slot"><label for="input-12" class="v-label theme--light" style="left: 0px; position: absolute;">Work phone number</label><input maxlength="10" id="input-12" type="text"></div>
            </div>
            <div class="v-text-field__details">
              <div class="v-messages theme--light">
                <transition-group-stub tag="div" name="message-transition" class="v-messages__wrapper"></transition-group-stub>
              </div>
              <div class="v-counter theme--light">0 / 10</div>
            </div>
          </div>
        </div>
      </div>
      <div class="col-lg-6 col-12">
        <div class="v-input v-input--dense theme--light v-text-field v-text-field--enclosed v-text-field--outlined">
          <div class="v-input__control">
            <div class="v-input__slot">
              <fieldset aria-hidden="true">
                <legend style="width: 0px;"><span class="notranslate">​</span></legend>
              </fieldset>
              <div class="v-text-field__slot"><label for="input-15" class="v-label theme--light" style="left: 0px; position: absolute;">Fax number</label><input maxlength="10" id="input-15" type="text"></div>
            </div>
            <div class="v-text-field__details">
              <div class="v-messages theme--light">
                <transition-group-stub tag="div" name="message-transition" class="v-messages__wrapper"></transition-group-stub>
              </div>
              <div class="v-counter theme--light">0 / 10</div>
            </div>
          </div>
        </div>
      </div>
    </div>
    <div class="row">
      <div class="col-lg-6 col-12">
        <!---->
      </div>
    </div>
  </form>
  <div class="form-btn-container">
    <div class="form-btn-inner">
      <div><button type="button" disabled="disabled" class="mt-3 v-btn v-btn--disabled v-btn--has-bg theme--light v-size--small"><span class="v-btn__content">
        Continue
      </span></button> <button type="button" disabled="disabled" class="mt-3 v-btn v-btn--disabled v-btn--has-bg theme--light v-size--small"><span class="v-btn__content">
        Save and Exit
      </span></button></div>
      <div><button type="button" class="mt-3 v-btn v-btn--is-elevated v-btn--has-bg theme--light v-size--small warning mx-2"><span class="v-btn__content">
        Go back
      </span></button> <button type="button" class="mt-3 v-btn v-btn--is-elevated v-btn--has-bg theme--light v-size--small error mr-2"><span class="v-btn__content">
        Cancel
      </span></button></div>
    </div>
  </div>
  <div class="v-snack v-snack--bottom">
    <transition-stub name="v-snack-transition">
      <div class="v-snack__wrapper v-sheet v-sheet--outlined theme--light error--text" style="display: none;">
        <div role="status" aria-live="polite" class="v-snack__content">
          Section update unsuccessful please try again.
        </div>
        <div class="v-snack__action "></div>
      </div>
    </transition-stub>
  </div>
</div>
`;
