// Jest Snapshot v1, https://goo.gl/fbAQLP

exports[`FormStepFour Should match the snapshot 1`] = `
<div>
  <form novalidate="novalidate" class="v-form">
    <div class="v-subheader sub-header font-weight-bold theme--light">
      Physical Appearance
    </div>
    <div class="row ml-5">
      <div class="col-lg-6 col-12">
        <div class="v-input v-input--dense theme--light v-text-field v-text-field--enclosed v-text-field--outlined">
          <div class="v-input__prepend-outer"><i aria-hidden="true" class="v-icon notranslate mdi mdi-star theme--light error--text" style="font-size: 12px;"></i></div>
          <div class="v-input__control">
            <div class="v-input__slot">
              <fieldset aria-hidden="true">
                <legend style="width: 0px;"><span class="notranslate">​</span></legend>
              </fieldset>
              <div class="v-text-field__slot"><label for="input-4" class="v-label theme--light" style="left: 0px; position: absolute;">Height feet</label><input id="input-4" type="number"></div>
            </div>
            <div class="v-text-field__details">
              <div class="v-messages theme--light">
                <transition-group-stub tag="div" name="message-transition" class="v-messages__wrapper"></transition-group-stub>
              </div>
            </div>
          </div>
        </div>
      </div>
      <div class="col-lg-6 col-12">
        <div class="v-input v-input--dense theme--light v-text-field v-text-field--enclosed v-text-field--outlined">
          <div class="v-input__prepend-outer"><i aria-hidden="true" class="v-icon notranslate mdi mdi-star theme--light error--text" style="font-size: 12px;"></i></div>
          <div class="v-input__control">
            <div class="v-input__slot">
              <fieldset aria-hidden="true">
                <legend style="width: 0px;"><span class="notranslate">​</span></legend>
              </fieldset>
              <div class="v-text-field__slot"><label for="input-8" class="v-label theme--light" style="left: 0px; position: absolute;">Height inches</label><input id="input-8" type="number"></div>
            </div>
            <div class="v-text-field__details">
              <div class="v-messages theme--light">
                <transition-group-stub tag="div" name="message-transition" class="v-messages__wrapper"></transition-group-stub>
              </div>
            </div>
          </div>
        </div>
      </div>
      <div class="col-lg-6 col-12">
        <div class="v-input v-input--dense theme--light v-text-field v-text-field--enclosed v-text-field--outlined">
          <div class="v-input__prepend-outer"><i aria-hidden="true" class="v-icon notranslate mdi mdi-star theme--light error--text" style="font-size: 12px;"></i></div>
          <div class="v-input__control">
            <div class="v-input__slot">
              <fieldset aria-hidden="true">
                <legend style="width: 0px;"><span class="notranslate">​</span></legend>
              </fieldset>
              <div class="v-text-field__slot"><label for="input-12" class="v-label theme--light" style="left: 0px; position: absolute;">Weight</label><input id="input-12" type="number"></div>
            </div>
            <div class="v-text-field__details">
              <div class="v-messages theme--light">
                <transition-group-stub tag="div" name="message-transition" class="v-messages__wrapper">
                  <div class="v-messages__message">Enter weight in pounds(lbs)</div>
                </transition-group-stub>
              </div>
            </div>
          </div>
        </div>
      </div>
      <div class="col-lg-6 col-12">
        <div class="v-input v-input--dense theme--light v-text-field v-text-field--enclosed v-text-field--outlined v-select">
          <div class="v-input__prepend-outer"><i aria-hidden="true" class="v-icon notranslate mdi mdi-star theme--light error--text" style="font-size: 12px;"></i></div>
          <div class="v-input__control">
            <div role="button" aria-haspopup="listbox" aria-expanded="false" aria-owns="list-16" class="v-input__slot">
              <fieldset aria-hidden="true">
                <legend style="width: 0px;"><span class="notranslate">​</span></legend>
              </fieldset>
              <div class="v-select__slot"><label for="input-16" class="v-label theme--light" style="left: 0px; position: absolute;">Hair Color</label>
                <div class="v-select__selections"><input id="input-16" readonly="readonly" type="text" aria-readonly="false" autocomplete="off"></div>
                <div class="v-input__append-inner">
                  <div class="v-input__icon v-input__icon--append"><i aria-hidden="true" class="v-icon notranslate mdi mdi-menu-down theme--light"></i></div>
                </div><input type="hidden">
              </div>
              <div class="v-menu">
                <!---->
              </div>
            </div>
            <div class="v-text-field__details">
              <div class="v-messages theme--light">
                <transition-group-stub tag="div" name="message-transition" class="v-messages__wrapper"></transition-group-stub>
              </div>
            </div>
          </div>
        </div>
      </div>
      <div class="col-lg-6 col-12">
        <div class="v-input v-input--dense theme--light v-text-field v-text-field--enclosed v-text-field--outlined v-select">
          <div class="v-input__prepend-outer"><i aria-hidden="true" class="v-icon notranslate mdi mdi-star theme--light error--text" style="font-size: 12px;"></i></div>
          <div class="v-input__control">
            <div role="button" aria-haspopup="listbox" aria-expanded="false" aria-owns="list-22" class="v-input__slot">
              <fieldset aria-hidden="true">
                <legend style="width: 0px;"><span class="notranslate">​</span></legend>
              </fieldset>
              <div class="v-select__slot"><label for="input-22" class="v-label theme--light" style="left: 0px; position: absolute;">Eye Color</label>
                <div class="v-select__selections"><input id="input-22" readonly="readonly" type="text" aria-readonly="false" autocomplete="off"></div>
                <div class="v-input__append-inner">
                  <div class="v-input__icon v-input__icon--append"><i aria-hidden="true" class="v-icon notranslate mdi mdi-menu-down theme--light"></i></div>
                </div><input type="hidden">
              </div>
              <div class="v-menu">
                <!---->
              </div>
            </div>
            <div class="v-text-field__details">
              <div class="v-messages theme--light">
                <transition-group-stub tag="div" name="message-transition" class="v-messages__wrapper"></transition-group-stub>
              </div>
            </div>
          </div>
        </div>
      </div>
    </div>
    <div class="v-subheader sub-header font-weight-bold theme--light">
      Gender
    </div>
    <div class="row ml-5">
      <div class="col-lg-6 col-12">
        <div class="v-input theme--light v-input--selection-controls v-input--radio-group v-input--radio-group--row">
          <div class="v-input__control">
            <div class="v-input__slot" style="height: auto;">
              <div role="radiogroup" aria-labelledby="input-29" class="v-input--radio-group__input">
                <legend id="input-29" class="v-label theme--light" style="left: 0px; position: relative;">Gender</legend>
                <div class="v-radio theme--light">
                  <div class="v-input--selection-controls__input"><i aria-hidden="true" class="v-icon notranslate mdi mdi-radiobox-blank theme--light"></i><input aria-checked="false" id="input-30" role="radio" type="radio" name="radio-29" value="male">
                    <div class="v-input--selection-controls__ripple"></div>
                  </div><label for="input-30" class="v-label theme--light" style="left: 0px; position: relative;">Male</label>
                </div>
                <div class="v-radio theme--light">
                  <div class="v-input--selection-controls__input"><i aria-hidden="true" class="v-icon notranslate mdi mdi-radiobox-blank theme--light"></i><input aria-checked="false" id="input-32" role="radio" type="radio" name="radio-29" value="female">
                    <div class="v-input--selection-controls__ripple"></div>
                  </div><label for="input-32" class="v-label theme--light" style="left: 0px; position: relative;">Female</label>
                </div>
              </div>
            </div>
            <div class="v-messages theme--light">
              <transition-group-stub tag="div" name="message-transition" class="v-messages__wrapper"></transition-group-stub>
            </div>
          </div>
        </div>
        <div role="alert" class="v-alert v-sheet v-sheet--outlined theme--light v-alert--dense v-alert--outlined error--text">
          <div class="v-alert__wrapper"><i aria-hidden="true" class="v-icon notranslate v-alert__icon mdi mdi-alert theme--light error--text"></i>
            <div class="v-alert__content">
              Must select a gender
            </div>
          </div>
        </div>
      </div>
      <div class="col-lg-6 col-12">
        <div class="v-input v-textarea v-input--dense theme--light v-text-field v-text-field--enclosed v-text-field--outlined">
          <div class="v-input__control">
            <div class="v-input__slot">
              <fieldset aria-hidden="true">
                <legend style="width: 0px;"><span class="notranslate">​</span></legend>
              </fieldset>
              <div class="v-text-field__slot"><label for="input-38" class="v-label theme--light" style="left: 0px; position: absolute;">Physical Description</label><textarea maxlength="1000" id="input-38" rows="5"></textarea></div>
              <div class="v-input__append-inner">
                <div></div>
              </div>
            </div>
            <div class="v-text-field__details">
              <div class="v-messages theme--light">
                <transition-group-stub tag="div" name="message-transition" class="v-messages__wrapper"></transition-group-stub>
              </div>
              <div class="v-counter theme--light">0 / 1000</div>
            </div>
          </div>
        </div>
      </div>
    </div>
  </form>
  <hr role="separator" aria-orientation="horizontal" class="v-divider theme--light">
  <div class="form-btn-container">
    <div class="form-btn-inner">
      <div><button type="button" disabled="disabled" class="mt-3 v-btn v-btn--disabled v-btn--has-bg theme--light v-size--small"><span class="v-btn__content">
        Continue
      </span></button> <button type="button" disabled="disabled" class="mt-3 v-btn v-btn--disabled v-btn--has-bg theme--light v-size--small"><span class="v-btn__content">
        Save and Exit
      </span></button></div>
      <div><button type="button" class="mt-3 v-btn v-btn--is-elevated v-btn--has-bg theme--light v-size--small warning mx-2"><span class="v-btn__content">
        Go back
      </span></button> <button type="button" class="mt-3 v-btn v-btn--is-elevated v-btn--has-bg theme--light v-size--small error mr-2"><span class="v-btn__content">
        Cancel
      </span></button></div>
    </div>
  </div>
  <div class="v-snack v-snack--bottom">
    <transition-stub name="v-snack-transition">
      <div class="v-snack__wrapper v-sheet v-sheet--outlined theme--light error--text" style="display: none;">
        <div role="status" aria-live="polite" class="v-snack__content">
          Section update unsuccessful please try again.
        </div>
        <div class="v-snack__action "></div>
      </div>
    </transition-stub>
  </div>
  <div class="v-snack v-snack--bottom">
    <transition-stub name="v-snack-transition">
      <div class="v-snack__wrapper v-sheet v-sheet--outlined theme--light error--text" style="display: none;">
        <div role="status" aria-live="polite" class="v-snack__content">
          You must select a gender
        </div>
        <div class="v-snack__action "></div>
      </div>
    </transition-stub>
  </div>
</div>
`;
