// Jest Snapshot v1, https://goo.gl/fbAQLP

exports[`SecondFormStepThree Should match the snapshot 1`] = `
<div>
  <div class="v-card v-sheet theme--light">
    <div class="v-card__title">
      Application-Type-Header
    </div>
    <p class="text-left ml-5">
      Application-Type-Subheader
    </p>
    <div class="v-card__text">
      <div class="text-line">
        <h3 class="text-label">
          STANDARD
        </h3>
        <p class="text-info">
          Application-Standard
        </p>
      </div>
      <div class="text-line">
        <h3 class="text-label">
          JUDICIAL-title
        </h3>
        <p class="text-info">
          Application-Type-Judicial
        </p>
      </div>
      <div class="text-line">
        <h3 class="text-label">
          RESERVE-title
        </h3>
        <p class="text-info">
          Application-Type-Reserve
        </p>
      </div>
    </div>
  </div>
  <form novalidate="novalidate" class="v-form">
    <div class="v-subheader sub-header font-weight-bold theme--light">
      Application Type
    </div>
    <div class="ml-5">
      <div class="v-input theme--light v-input--selection-controls v-input--radio-group v-input--radio-group--column">
        <div class="v-input__control">
          <div class="v-input__slot" style="height: auto;">
            <div role="radiogroup" aria-labelledby="input-6" class="v-input--radio-group__input">
              <div class="v-radio theme--light">
                <div class="v-input--selection-controls__input"><i aria-hidden="true" class="v-icon notranslate mdi mdi-radiobox-blank theme--light"></i><input aria-checked="false" id="input-7" role="radio" type="radio" name="radio-6" value="standard">
                  <div class="v-input--selection-controls__ripple"></div>
                </div><label for="input-7" class="v-label theme--light" style="left: 0px; position: relative;">Standard</label>
              </div>
              <div class="v-radio theme--light">
                <div class="v-input--selection-controls__input"><i aria-hidden="true" class="v-icon notranslate mdi mdi-radiobox-blank theme--light"></i><input aria-checked="false" id="input-9" role="radio" type="radio" name="radio-6" value="judicial">
                  <div class="v-input--selection-controls__ripple"></div>
                </div><label for="input-9" class="v-label theme--light" style="left: 0px; position: relative;">Judicial</label>
              </div>
              <div class="v-radio theme--light">
                <div class="v-input--selection-controls__input"><i aria-hidden="true" class="v-icon notranslate mdi mdi-radiobox-blank theme--light"></i><input aria-checked="false" id="input-11" role="radio" type="radio" name="radio-6" value="reserve">
                  <div class="v-input--selection-controls__ripple"></div>
                </div><label for="input-11" class="v-label theme--light" style="left: 0px; position: relative;">Reserve</label>
              </div>
            </div>
          </div>
          <div class="v-messages theme--light">
            <transition-group-stub tag="div" name="message-transition" class="v-messages__wrapper"></transition-group-stub>
          </div>
        </div>
      </div>
    </div>
    <!---->
    <!---->
  </form>
  <hr role="separator" aria-orientation="horizontal" class="v-divider theme--light">
  <div class="form-btn-container">
    <div class="form-btn-inner">
      <div><button type="button" class="mt-3 v-btn v-btn--is-elevated v-btn--has-bg theme--light v-size--small success "><span class="v-btn__content">
        Continue
      </span></button> <button type="button" class="mt-3 v-btn v-btn--is-elevated v-btn--has-bg theme--light v-size--small accent mx-2"><span class="v-btn__content">
        Save and Exit
      </span></button></div>
      <div><button type="button" class="mt-3 v-btn v-btn--is-elevated v-btn--has-bg theme--light v-size--small warning mx-2"><span class="v-btn__content">
        Go back
      </span></button> <button type="button" class="mt-3 v-btn v-btn--is-elevated v-btn--has-bg theme--light v-size--small error mr-2"><span class="v-btn__content">
        Cancel
      </span></button></div>
    </div>
  </div>
  <div class="v-snack v-snack--bottom">
    <transition-stub name="v-snack-transition">
      <div class="v-snack__wrapper v-sheet v-sheet--outlined theme--light error--text" style="display: none;">
        <div role="status" aria-live="polite" class="v-snack__content">
          Section update unsuccessful please try again.
        </div>
        <div class="v-snack__action "></div>
      </div>
    </transition-stub>
  </div>
</div>
`;
