// Jest Snapshot v1, https://goo.gl/fbAQLP

exports[`WorkInfoStep Should match the snapshot 1`] = `
<div>
  <form novalidate="novalidate" class="v-form">
    <div class="v-subheader sub-header, font-weight-bold theme--light">
      Employment Status
    </div>
    <div class="row ml-5">
      <div class="col-lg-6 col-12">
        <div class="v-input v-input--dense theme--light v-text-field v-text-field--enclosed v-text-field--outlined v-select">
          <div class="v-input__control">
            <div role="button" aria-haspopup="listbox" aria-expanded="false" aria-owns="list-5" class="v-input__slot">
              <fieldset aria-hidden="true">
                <legend style="width: 0px;"><span class="notranslate">â€‹</span></legend>
              </fieldset>
              <div class="v-select__slot"><label for="select" class="v-label theme--light" style="left: 0px; position: absolute;"> Employment Status</label>
                <div class="v-select__selections"><input id="select" readonly="readonly" type="text" aria-readonly="false" autocomplete="off"></div>
                <div class="v-input__append-inner">
                  <div class="v-input__icon v-input__icon--append"><i aria-hidden="true" class="v-icon notranslate mdi mdi-menu-down theme--light"></i></div>
                </div><input type="hidden">
              </div>
              <div class="v-menu">
                <!---->
              </div>
            </div>
            <div class="v-text-field__details">
              <div class="v-messages theme--light">
                <transition-group-stub tag="div" name="message-transition" class="v-messages__wrapper"></transition-group-stub>
              </div>
            </div>
          </div>
        </div>
      </div>
    </div>
    <hr role="separator" aria-orientation="horizontal" class="v-divider theme--light">
    <!---->
  </form>
  <div class="weapon-components-container">
    <div class="container container--fluid">
      <div class="v-data-table text-left my-3 theme--light">
        <div class="v-data-table__wrapper">
          <table>
            <thead>
              <tr>
                <th>
                  Make
                </th>
                <th>
                  Model
                </th>
                <th>
                  Caliper
                </th>
                <th>
                  Serial Number
                </th>
                <th></th>
              </tr>
            </thead>
            <tbody></tbody>
          </table>
        </div>
      </div>
    </div>
    <div><button type="button" class="mb-5 v-btn v-btn--is-elevated v-btn--has-bg theme--light v-size--small primary" id="add-weapon-btn" role="button" aria-haspopup="true" aria-expanded="false"><span class="v-btn__content">
        Add Weapon
      </span></button>
      <div class="v-dialog__container">
        <!---->
      </div>
    </div>
  </div>
  <hr role="separator" aria-orientation="horizontal" clase="mt-5" class="v-divider theme--light">
  <div class="form-btn-container">
    <div class="form-btn-inner">
      <div><button type="button" disabled="disabled" class="mt-3 v-btn v-btn--disabled v-btn--has-bg theme--light v-size--small"><span class="v-btn__content">
        Continue
      </span></button> <button type="button" class="mt-3 v-btn v-btn--is-elevated v-btn--has-bg theme--light v-size--small accent mx-2"><span class="v-btn__content">
        Save and Exit
      </span></button></div>
      <div><button type="button" class="mt-3 v-btn v-btn--is-elevated v-btn--has-bg theme--light v-size--small warning mx-2"><span class="v-btn__content">
        Go back
      </span></button> <button type="button" class="mt-3 v-btn v-btn--is-elevated v-btn--has-bg theme--light v-size--small error mr-2"><span class="v-btn__content">
        Cancel
      </span></button></div>
    </div>
  </div>
  <div class="v-snack v-snack--bottom">
    <transition-stub name="v-snack-transition">
      <div class="v-snack__wrapper v-sheet v-sheet--outlined theme--light error--text" style="display: none;">
        <div role="status" aria-live="polite" class="v-snack__content">
          Section update unsuccessful please try again.
        </div>
        <div class="v-snack__action "></div>
      </div>
    </transition-stub>
  </div>
</div>
`;
