// Jest Snapshot v1, https://goo.gl/fbAQLP

exports[`BrandLogo Should render logo label 1`] = `
<div>
  <div class="row ml-5">
    <div class="col-sm-3 col-md-5 col-6">
      <div class="v-input theme--light v-text-field v-text-field--enclosed v-text-field--outlined v-text-field--placeholder v-file-input">
        <div class="v-input__prepend-outer">
          <div class="v-input__icon v-input__icon--prepend"><button type="button" aria-label="prepend icon" class="v-icon notranslate v-icon--link mdi mdi-paperclip theme--light"></button></div>
        </div>
        <div class="v-input__control">
          <div class="v-input__slot">
            <fieldset aria-hidden="true">
              <legend style="width: 0px;"><span class="notranslate">â€‹</span></legend>
            </fieldset>
            <div class="v-text-field__slot">
              <div class="v-file-input__text v-file-input__text--placeholder">Select your file</div><input name="brandLogo" accept="image/png, image/jpeg" id="input-3" placeholder="Select your file" type="file">
            </div>
            <div class="v-input__append-inner">
              <div></div>
            </div>
          </div>
          <div class="v-text-field__details">
            <div class="v-messages theme--light">
              <transition-group-stub tag="div" name="message-transition" class="v-messages__wrapper"></transition-group-stub>
            </div>
            <div class="v-counter theme--light">0 files (0 B in total)</div>
          </div>
        </div>
      </div>
    </div>
  </div>
</div>
`;
