// Jest Snapshot v1, https://goo.gl/fbAQLP

exports[`FormErrorAlert should match the snapshot 1`] = `
<div role="alert" class="v-alert mt-5 v-sheet theme--dark elevation-3 error">
  <div class="v-alert__wrapper"><i aria-hidden="true" class="v-icon notranslate v-alert__icon mdi mdi-alert theme--dark"></i>
    <div class="v-alert__content">

    </div><button type="button" class="v-alert__dismissible v-btn v-btn--icon v-btn--round theme--dark v-size--small" aria-label="Close"><span class="v-btn__content"><i aria-hidden="true" class="v-icon notranslate mdi mdi-close-circle theme--dark"></i></span></button>
  </div>
</div>
`;
