// Jest Snapshot v1, https://goo.gl/fbAQLP

exports[`AcknowledgementContainer Should match the snapshot 1`] = `
<div class="container">
  <div class="acknowledgement-card v-card v-sheet theme--light">
    <div class="v-card__title">Acknowledgements</div>
    <div class="v-card__text">
      <div class="container">
        <div class="container acknowledgement-container">
          <div class="row">
            <div class="text-left acknowledgement-text col">
              acknowledgement-initial-part1
            </div>
          </div>
          <div class="row">
            <div class="text-left acknowledgement-text col">
              acknowledgement-initial-part2
            </div>
          </div>
          <div class="row">
            <div class="text-left acknowledgement-text col">
              acknowledgement-initial-part3
            </div>
          </div>
          <div class="row">
            <div class="text-left acknowledgement-text col">
              acknowledgement-initial-part4
            </div>
          </div>
          <div class="row">
            <div class="text-left acknowledgement-text col">
              acknowledgement-initial-part5
            </div>
          </div>
        </div>
        <div class="button-container">
          <div class="acknowledgement-button-container"><button type="button" class="v-btn v-btn--is-elevated v-btn--has-bg theme--light v-size--default success mr-3"><span class="v-btn__content">
    Accept
  </span></button> <button type="button" class="v-btn v-btn--is-elevated v-btn--has-bg theme--light v-size--default error mr-3"><span class="v-btn__content">
    Decline
  </span></button></div>
        </div>
      </div>
    </div>
  </div>
  <!---->
  <!---->
  <!---->
  <!---->
  <!---->
  <!---->
  <!---->
</div>
`;
