// Jest Snapshot v1, https://goo.gl/fbAQLP

exports[`FormButtonContainer should match the snapshot 1`] = `
<div class="form-btn-container"><button type="button" class="v-btn v-btn--is-elevated v-btn--has-bg theme--light v-size--default success "><span class="v-btn__content">
    Continue
  </span></button> <button type="button" class="v-btn v-btn--is-elevated v-btn--has-bg theme--light v-size--default secondary mx-2"><span class="v-btn__content">
    Save and Exit
  </span></button> <button type="button" class="v-btn v-btn--is-elevated v-btn--has-bg theme--light v-size--default error mr-2"><span class="v-btn__content">
    Cancel
  </span></button></div>
`;
