// Jest Snapshot v1, https://goo.gl/fbAQLP

exports[`AppointmentScheduler should match the snapshot 1`] = `
<div>
  Appointment Scheduler I am under construction
</div>
`;
