// Jest Snapshot v1, https://goo.gl/fbAQLP

exports[`Appointments should match the snapshot 1`] = `
<div class="appointment-table">
  <div class="v-data-table v-data-table--has-top v-data-table--has-bottom theme--light">
    <header class="v-sheet theme--light v-toolbar v-toolbar--flat" style="height: 64px;">
      <div class="v-toolbar__content" style="height: 64px;">
        <div class="v-toolbar__title text-no-wrap pr-4" style="text-overflow: clip;">Appointments</div>
        <div class="spacer"></div>
        <div class="container appointment-table__header__container">
          <div class="row justify-end">
            <div class="col-md-6 col">
              <div class="v-input v-input--hide-details theme--light v-text-field v-text-field--single-line v-text-field--placeholder">
                <div class="v-input__prepend-outer">
                  <div class="v-input__icon v-input__icon--prepend"><i aria-hidden="true" class="v-icon notranslate mdi mdi-filter theme--light"></i></div>
                </div>
                <div class="v-input__control">
                  <div class="v-input__slot">
                    <div class="v-text-field__slot"><label for="input-6" class="v-label theme--light" style="left: 0px; position: absolute;">Filter</label><input id="input-6" type="text"></div>
                  </div>
                </div>
              </div>
            </div>
            <div class="mr-1 col-md-4 col"><button type="button" class="v-btn v-btn--is-elevated v-btn--fab v-btn--has-bg v-btn--round v-btn--rounded theme--light elevation-2 v-size--x-small primary" raised="true"><span class="v-btn__content"><i aria-hidden="true" class="v-icon notranslate mdi mdi-upload theme--light"></i></span></button> <input label="Upload New Appointments" type="file" accept=".csv, .xls, .xlsx" class="d-none"></div>
            <div class="col-md-1 col"><a href="/documents/ccw-appointment-schedule-template.csv" target="_blank" class="v-btn v-btn--is-elevated v-btn--fab v-btn--has-bg v-btn--round v-btn--rounded theme--light elevation-2 v-size--x-small primary" raised="" aria-label="Download the template file here" aria-haspopup="true" aria-expanded="false"><span class="v-btn__content"><i aria-hidden="true" class="v-icon notranslate mdi mdi-download theme--light"></i></span></a><span class="v-tooltip v-tooltip--top"><!----></span></div>
          </div>
        </div>
      </div>
    </header>
    <div class="v-data-table__wrapper">
      <table>
        <colgroup>
          <col class="">
          <col class="">
          <col class="">
          <col class="">
          <col class="">
          <col class="">
          <col class="">
          <col class="">
        </colgroup>
        <thead class="v-data-table-header">
          <tr>
            <th role="columnheader" scope="col" aria-label="" class="text-start" style="width: 1px; min-width: 1px;"><span></span></th>
            <th role="columnheader" scope="col" aria-label="STATUS" class="text-start"><span>STATUS</span></th>
            <th role="columnheader" scope="col" aria-label="APPLICANT NAME: Not sorted. Activate to sort ascending." aria-sort="none" class="text-start sortable"><span>APPLICANT NAME</span><i aria-hidden="true" class="v-icon notranslate v-data-table-header__icon mdi mdi-arrow-up theme--light" style="font-size: 18px;"></i></th>
            <th role="columnheader" scope="col" aria-label="ORDER ID: Not sorted. Activate to sort ascending." aria-sort="none" class="text-start sortable"><span>ORDER ID</span><i aria-hidden="true" class="v-icon notranslate v-data-table-header__icon mdi mdi-arrow-up theme--light" style="font-size: 18px;"></i></th>
            <th role="columnheader" scope="col" aria-label="PAYMENT: Not sorted. Activate to sort ascending." aria-sort="none" class="text-start sortable"><span>PAYMENT</span><i aria-hidden="true" class="v-icon notranslate v-data-table-header__icon mdi mdi-arrow-up theme--light" style="font-size: 18px;"></i></th>
            <th role="columnheader" scope="col" aria-label="DATE: Not sorted. Activate to sort ascending." aria-sort="none" class="text-start sortable"><span>DATE</span><i aria-hidden="true" class="v-icon notranslate v-data-table-header__icon mdi mdi-arrow-up theme--light" style="font-size: 18px;"></i></th>
            <th role="columnheader" scope="col" aria-label="TIME: Not sorted. Activate to sort ascending." aria-sort="none" class="text-start sortable"><span>TIME</span><i aria-hidden="true" class="v-icon notranslate v-data-table-header__icon mdi mdi-arrow-up theme--light" style="font-size: 18px;"></i></th>
            <th role="columnheader" scope="col" aria-label="Not sorted. Activate to sort ascending." aria-sort="none" class="text-start sortable"><span></span><i aria-hidden="true" class="v-icon notranslate v-data-table-header__icon mdi mdi-arrow-up theme--light" style="font-size: 18px;"></i></th>
          </tr>
        </thead>
        <tbody>
          <tr class="v-data-table__empty-wrapper">
            <td colspan="8">No data available</td>
          </tr>
        </tbody>
      </table>
    </div>
    <div class="v-data-footer">
      <div class="v-data-footer__select">Rows per page:<div class="v-input v-input--hide-details v-input--is-label-active v-input--is-dirty theme--light v-text-field v-select">
          <div class="v-input__control">
            <div role="button" aria-haspopup="listbox" aria-expanded="false" aria-owns="list-23" class="v-input__slot">
              <div class="v-select__slot">
                <div class="v-select__selections">
                  <div class="v-select__selection v-select__selection--comma">5</div><input aria-label="Rows per page:" id="input-23" readonly="readonly" type="text" aria-readonly="false" autocomplete="off">
                </div>
                <div class="v-input__append-inner">
                  <div class="v-input__icon v-input__icon--append"><i aria-hidden="true" class="v-icon notranslate mdi mdi-menu-down theme--light"></i></div>
                </div><input type="hidden" value="[object Object]">
              </div>
              <div class="v-menu">
                <!---->
              </div>
            </div>
          </div>
        </div>
      </div>
      <div class="v-data-footer__pagination">â€“</div>
      <div class="v-data-footer__icons-before"><button type="button" disabled="disabled" class="v-btn v-btn--disabled v-btn--icon v-btn--round v-btn--text theme--light v-size--default" aria-label="First page"><span class="v-btn__content"><i aria-hidden="true" class="v-icon notranslate mdi mdi-skip-backward theme--light"></i></span></button><button type="button" disabled="disabled" class="v-btn v-btn--disabled v-btn--icon v-btn--round v-btn--text theme--light v-size--default" aria-label="Previous page"><span class="v-btn__content"><i aria-hidden="true" class="v-icon notranslate mdi mdi-minus theme--light"></i></span></button></div><span>1</span>
      <div class="v-data-footer__icons-after"><button type="button" disabled="disabled" class="v-btn v-btn--disabled v-btn--icon v-btn--round v-btn--text theme--light v-size--default" aria-label="Next page"><span class="v-btn__content"><i aria-hidden="true" class="v-icon notranslate mdi mdi-plus theme--light"></i></span></button><button type="button" disabled="disabled" class="v-btn v-btn--disabled v-btn--icon v-btn--round v-btn--text theme--light v-size--default" aria-label="Last page"><span class="v-btn__content"><i aria-hidden="true" class="v-icon notranslate mdi mdi-skip-forward theme--light"></i></span></button></div>
    </div>
  </div>
  <div class="v-snack v-snack--bottom v-snack--has-background">
    <transition-stub name="v-snack-transition">
      <div class="v-snack__wrapper v-sheet theme--dark" style="display: none;">
        <div role="status" aria-live="polite" class="v-snack__content">
          Invalid file type provided.

        </div>
        <div class="v-snack__action "><button type="button" class="v-btn v-btn--text theme--dark v-size--default red--text v-snack__btn"><span class="v-btn__content">
        Close
      </span></button></div>
      </div>
    </transition-stub>
  </div>
</div>
`;
