// Jest Snapshot v1, https://goo.gl/fbAQLP

exports[`AddressTable should match the snapshot 1`] = `
<div class="container container--fluid">
  <div class="v-data-table my-3 theme--light">
    <div class="v-data-table__wrapper">
      <table>
        <thead>
          <tr>
            <th></th>
            <th></th>
            <th></th>
            <th></th>
            <th></th>
            <th></th>
            <th></th>
            <th></th>
          </tr>
        </thead>
        <tbody></tbody>
      </table>
    </div>
  </div>
</div>
`;
