// Jest Snapshot v1, https://goo.gl/fbAQLP

exports[`AliasDialog should match the snapshot 1`] = `
<div data-app=""><button type="button" class="v-btn v-btn--is-elevated v-btn--has-bg theme--light v-size--small primary" id="add-alias-btn" role="button" aria-haspopup="true" aria-expanded="true"><span class="v-btn__content">
        Add Alias
      </span></button>
  <div class="v-dialog__container">
    <div role="dialog" aria-modal="true" class="v-dialog__content v-dialog__content--active" style="z-index: 202;">
      <transition-stub name="dialog-transition" appear="true">
        <div tabindex="0" class="v-dialog v-dialog--active" style="transform-origin: center center;">
          <div class="alias-container" style="background: rgb(238, 238, 238);">
            <form novalidate="novalidate" class="v-form form-container">
              <div class="row">
                <div class="col-md-6 col-lg-6 col-12">
                  <div class="v-input v-input--dense theme--light v-text-field v-text-field--enclosed v-text-field--outlined">
                    <div class="v-input__prepend-outer"><i aria-hidden="true" class="v-icon notranslate mdi mdi-star theme--light error--text" style="font-size: 12px;"></i></div>
                    <div class="v-input__control">
                      <div class="v-input__slot">
                        <fieldset aria-hidden="true">
                          <legend style="width: 0px;"><span class="notranslate">​</span></legend>
                        </fieldset>
                        <div class="v-text-field__slot"><label for="last-name" class="v-label theme--light" style="left: 0px; position: absolute;">Previous Last Name</label><input maxlength="50" required="required" id="last-name" type="text"></div>
                      </div>
                      <div class="v-text-field__details">
                        <div class="v-messages theme--light">
                          <transition-group-stub tag="div" name="message-transition" class="v-messages__wrapper"></transition-group-stub>
                        </div>
                        <div class="v-counter theme--light">0 / 50</div>
                      </div>
                    </div>
                  </div>
                </div>
                <div class="col-md-6 col-lg-6 col-12">
                  <div class="v-input v-input--dense theme--light v-text-field v-text-field--enclosed v-text-field--outlined">
                    <div class="v-input__prepend-outer"><i aria-hidden="true" class="v-icon notranslate mdi mdi-star theme--light error--text" style="font-size: 12px;"></i></div>
                    <div class="v-input__control">
                      <div class="v-input__slot">
                        <fieldset aria-hidden="true">
                          <legend style="width: 0px;"><span class="notranslate">​</span></legend>
                        </fieldset>
                        <div class="v-text-field__slot"><label for="first-name" class="v-label theme--light" style="left: 0px; position: absolute;">Previous First name</label><input maxlength="50" required="required" id="first-name" type="text"></div>
                      </div>
                      <div class="v-text-field__details">
                        <div class="v-messages theme--light">
                          <transition-group-stub tag="div" name="message-transition" class="v-messages__wrapper"></transition-group-stub>
                        </div>
                        <div class="v-counter theme--light">0 / 50</div>
                      </div>
                    </div>
                  </div>
                </div>
                <div class="col-md-6 col-lg-6 col-12">
                  <div class="v-input pl-6 v-input--dense theme--light v-text-field v-text-field--enclosed v-text-field--outlined">
                    <div class="v-input__control">
                      <div class="v-input__slot">
                        <fieldset aria-hidden="true">
                          <legend style="width: 0px;"><span class="notranslate">​</span></legend>
                        </fieldset>
                        <div class="v-text-field__slot"><label for="input-17" class="v-label theme--light" style="left: 0px; position: absolute;">Previous Middle name</label><input maxlength="50" id="input-17" type="text"></div>
                      </div>
                      <div class="v-text-field__details">
                        <div class="v-messages theme--light">
                          <transition-group-stub tag="div" name="message-transition" class="v-messages__wrapper"></transition-group-stub>
                        </div>
                        <div class="v-counter theme--light">0 / 50</div>
                      </div>
                    </div>
                  </div>
                </div>
              </div>
              <div class="row">
                <div class="col-md-6 col-lg-6 col-12">
                  <div class="v-input pl-6 v-input--dense theme--light v-text-field v-text-field--enclosed v-text-field--outlined">
                    <div class="v-input__control">
                      <div class="v-input__slot">
                        <fieldset aria-hidden="true">
                          <legend style="width: 0px;"><span class="notranslate">​</span></legend>
                        </fieldset>
                        <div class="v-text-field__slot"><label for="input-20" class="v-label theme--light" style="left: 0px; position: absolute;">City Where Changed</label><input maxlength="50" id="input-20" type="text"></div>
                      </div>
                      <div class="v-text-field__details">
                        <div class="v-messages theme--light">
                          <transition-group-stub tag="div" name="message-transition" class="v-messages__wrapper"></transition-group-stub>
                        </div>
                        <div class="v-counter theme--light">0 / 50</div>
                      </div>
                    </div>
                  </div>
                </div>
                <div class="col-md-6 col-lg-6 col-12">
                  <div class="v-input pl-6 v-input--dense theme--light v-text-field v-text-field--enclosed v-text-field--outlined">
                    <div class="v-input__control">
                      <div class="v-input__slot">
                        <fieldset aria-hidden="true">
                          <legend style="width: 0px;"><span class="notranslate">​</span></legend>
                        </fieldset>
                        <div class="v-text-field__slot"><label for="input-23" class="v-label theme--light" style="left: 0px; position: absolute;">State or Region where changed</label><input maxlength="50" id="input-23" type="text"></div>
                      </div>
                      <div class="v-text-field__details">
                        <div class="v-messages theme--light">
                          <transition-group-stub tag="div" name="message-transition" class="v-messages__wrapper"></transition-group-stub>
                        </div>
                        <div class="v-counter theme--light">0 / 50</div>
                      </div>
                    </div>
                  </div>
                </div>
                <div class="col-md-6 col-lg-6 col-12">
                  <div class="v-input pl-6 v-input--dense theme--light v-text-field v-text-field--enclosed v-text-field--outlined">
                    <div class="v-input__control">
                      <div class="v-input__slot">
                        <fieldset aria-hidden="true">
                          <legend style="width: 0px;"><span class="notranslate">​</span></legend>
                        </fieldset>
                        <div class="v-text-field__slot"><label for="input-26" class="v-label theme--light" style="left: 0px; position: absolute;">Court File number</label><input maxlength="50" id="input-26" type="text"></div>
                      </div>
                      <div class="v-text-field__details">
                        <div class="v-messages theme--light">
                          <transition-group-stub tag="div" name="message-transition" class="v-messages__wrapper"></transition-group-stub>
                        </div>
                        <div class="v-counter theme--light">0 / 50</div>
                      </div>
                    </div>
                  </div>
                </div>
              </div>
            </form>
            <div class="mt-2 btn-container"><button type="button" class="mr-2 v-btn v-btn--is-elevated v-btn--has-bg theme--light v-size--small success" id="submit-btn"><span class="v-btn__content">
          Submit
        </span></button> <button type="button" class="v-btn v-btn--is-elevated v-btn--has-bg theme--light v-size--small error"><span class="v-btn__content">
          Close
        </span></button></div>
          </div>
        </div>
      </transition-stub>
    </div>
  </div>
</div>
`;
