// Jest Snapshot v1, https://goo.gl/fbAQLP

exports[`AliasInfosection Should match the snapshot 1`] = `
<div class="container confirm-info-section rounded container--fluid" prevlastname="last" prevfirstname="first" prevmiddlename="middle" citywherechanged="changed" statewherechanged="state" courtfilenumber="number">
  <div class="v-card v-sheet theme--light">
    <div class="v-card__title ml-3">
      Alias Information
    </div>
    <div class="v-card__text">
      <div class="container container--fluid">
        <div class="v-data-table my-3 theme--light">
          <div class="v-data-table__wrapper">
            <table>
              <thead>
                <tr>
                  <th>Previous Last name</th>
                  <th>Previous First name</th>
                  <th>Previous Middle name</th>
                  <th>City where changed</th>
                  <th>State or region where changed</th>
                  <th>Court file number</th>
                </tr>
              </thead>
              <tbody></tbody>
            </table>
          </div>
        </div>
      </div>
    </div>
  </div>
</div>
`;
