// Jest Snapshot v1, https://goo.gl/fbAQLP

exports[`LoginButton should match the snapshot 1`] = `
<div><button type="button" class="v-btn v-btn--is-elevated v-btn--has-bg theme--light v-size--default primary" color="primary"><span class="v-btn__content">
  Login
</span></button></div>
`;
